2026-03-17 23:00:44,800 - Использую существующие файлы конфигурации:
2026-03-17 23:00:44,800 -   - substation_config.json
2026-03-17 23:00:44,801 -   - protections_config.json
2026-03-17 23:00:44,801 - 
Загрузка подстанции из файлов конфигурации...
2026-03-17 23:00:44,801 - Создание подстанции ПС-220/110/10
2026-03-17 23:00:44,801 - Шина Ш1-220: подключено оборудование Q1-220
2026-03-17 23:00:44,801 - Шина Ш2-220: подключено оборудование Q2-220
2026-03-17 23:00:44,801 - Шина ОШ-220: подключено оборудование QO-220
2026-03-17 23:00:44,801 - Шина Ш1-110: подключено оборудование Q1-110
2026-03-17 23:00:44,801 - Шина Ш2-110: подключено оборудование Q2-110
2026-03-17 23:00:44,801 - Шина ОШ-110: подключено оборудование QO-110
2026-03-17 23:00:44,801 - Шина СШ-10-1: подключено оборудование Q1-10
2026-03-17 23:00:44,801 - Шина СШ-10-2: подключено оборудование Q2-10
2026-03-17 23:00:44,801 - Загружена конфигурация: 24 единиц оборудования
2026-03-17 23:00:44,802 - Создана основная защита: ДЗЛ-220-1 (Iуст=8.0, Pотказа=0.03)
2026-03-17 23:00:44,802 - Создана основная защита: ДЗЛ-220-2 (Iуст=8.0, Pотказа=0.03)
2026-03-17 23:00:44,802 - Создана основная защита: ДЗЛ-110-1 (Iуст=10.0, Pотказа=0.03)
2026-03-17 23:00:44,802 - Создана основная защита: ДЗЛ-110-2 (Iуст=10.0, Pотказа=0.03)
2026-03-17 23:00:44,802 - Создана основная защита: ДЗЛ-10-1 (Iуст=45.0, Pотказа=0.03)
2026-03-17 23:00:44,802 - Создана основная защита: ДЗЛ-10-2 (Iуст=36.4, Pотказа=0.03)
2026-03-17 23:00:44,802 - Создана основная защита: ДЗТ-Т1 (Iуст=0.5, Pотказа=0.05)
2026-03-17 23:00:44,803 - Создана основная защита: ДЗТ-Т2 (Iуст=0.5, Pотказа=0.05)
2026-03-17 23:00:44,803 - Создана основная защита: ДЗШ-220-1 (Iуст=10.0, Pотказа=0.04)
2026-03-17 23:00:44,803 - Создана основная защита: ДЗШ-220-2 (Iуст=10.0, Pотказа=0.04)
2026-03-17 23:00:44,803 - Создана резервная защита: МТЗ-220-1 (Iуст=4.0, Pотказа=0.02)
2026-03-17 23:00:44,803 - Создана резервная защита: МТЗ-220-2 (Iуст=4.0, Pотказа=0.02)
2026-03-17 23:00:44,803 - Создана резервная защита: МТЗ-110-1 (Iуст=5.0, Pотказа=0.02)
2026-03-17 23:00:44,803 - Создана резервная защита: МТЗ-110-2 (Iуст=5.0, Pотказа=0.02)
2026-03-17 23:00:44,803 - Создана резервная защита: МТЗ-10-1 (Iуст=15.0, Pотказа=0.02)
2026-03-17 23:00:44,803 - Создана резервная защита: МТЗ-10-2 (Iуст=15.0, Pотказа=0.02)
2026-03-17 23:00:44,803 - Создана резервная защита: МТЗ-Т1 (Iуст=7.0, Pотказа=0.02)
2026-03-17 23:00:44,803 - Создана резервная защита: МТЗ-Т2 (Iуст=7.0, Pотказа=0.02)
2026-03-17 23:00:44,803 - Загружено 18 защит из конфигурации
2026-03-17 23:00:44,803 - Оборудование Л1-220 связано с выключателем Q1-220
2026-03-17 23:00:44,803 - Оборудование Л2-220 связано с выключателем Q2-220
2026-03-17 23:00:44,803 - Оборудование Л1-110 связано с выключателем Q1-110
2026-03-17 23:00:44,803 - Оборудование Л2-110 связано с выключателем Q2-110
2026-03-17 23:00:44,803 - Оборудование Л1-10 связано с выключателем Q1-10
2026-03-17 23:00:44,803 - Оборудование Л2-10 связано с выключателем Q2-10
2026-03-17 23:00:44,804 - Оборудование Т1 связано с выключателем Q1-220
2026-03-17 23:00:44,804 - Оборудование Т2 связано с выключателем Q2-220
2026-03-17 23:00:44,804 - Оборудование Ш1-220 связано с выключателем Q1-220
2026-03-17 23:00:44,804 - Оборудование Ш2-220 связано с выключателем Q2-220
2026-03-17 23:00:44,804 - Оборудование ОШ-220 связано с выключателем QO-220
2026-03-17 23:00:44,804 - Оборудование ОШ-110 связано с выключателем QO-110
2026-03-17 23:00:44,804 - Оборудование СШ-10-1 связано с выключателем Q1-10
2026-03-17 23:00:44,804 - Оборудование СШ-10-2 связано с выключателем Q2-10
2026-03-17 23:00:44,804 - 
--- Итерация 1 ---
2026-03-17 23:00:44,804 - ПОВРЕЖДЕНИЕ: витковое замыкание на Л1-110!
2026-03-17 23:00:44,804 - Защита ДЗЛ-110-1: ток 9.17 <= уставки 10.0
2026-03-17 23:00:44,804 - Основные защиты не сработали - проверка резервных защит
2026-03-17 23:00:44,804 - Защита МТЗ-110-1: ток 9.17 > уставки 5.0
2026-03-17 23:00:44,804 - ВРЕМЯ 0.900с: резервная защита МТЗ-110-1 СРАБОТАЛА
2026-03-17 23:00:44,804 - Выключатель Q1-110 РАЗОМКНУТ
2026-03-17 23:00:44,804 - Оборудование Л1-110 ОТКЛЮЧЕНО выключателем Q1-110
2026-03-17 23:00:44,804 - Сработала резервная защита МТЗ-110-1
2026-03-17 23:00:44,805 - Время 0.9с
2026-03-17 23:00:44,805 - Авария ликвидирована за 0.90с
2026-03-17 23:00:44,805 - Итерация 1 завершена
2026-03-17 23:00:44,805 - 
--- Итерация 2 ---
2026-03-17 23:00:44,805 - ПОВРЕЖДЕНИЕ: двухфазное КЗ на Ш1-220!
2026-03-17 23:00:44,805 - Защита ДЗШ-220-1: ток 7.42 <= уставки 10.0
2026-03-17 23:00:44,805 - Основные защиты не сработали - проверка резервных защит
2026-03-17 23:00:44,805 - ЗАЩИТА ДЗШ-220-1 ОТКАЗАЛА!
2026-03-17 23:00:44,805 - Защита НЕ СРАБОТАЛА за 5.28с!
2026-03-17 23:00:44,805 - Итерация 2 завершена
2026-03-17 23:00:44,805 - 
--- Итерация 3 ---
2026-03-17 23:00:44,805 - ПОВРЕЖДЕНИЕ: трехфазное КЗ на Ш1-220!
2026-03-17 23:00:44,805 - Защита ДЗШ-220-1: ток 10.23 > уставки 10.0
2026-03-17 23:00:44,805 - Основные защиты не сработали - проверка резервных защит
2026-03-17 23:00:44,805 - ВРЕМЯ 0.300с: основная защита ДЗШ-220-1 СРАБОТАЛА
2026-03-17 23:00:44,806 - Выключатель Q1-220 РАЗОМКНУТ
2026-03-17 23:00:44,806 - Оборудование Ш1-220 ОТКЛЮЧЕНО выключателем Q1-220
2026-03-17 23:00:44,806 - Сработала основная защита ДЗШ-220-1
2026-03-17 23:00:44,806 - Время 0.3с
2026-03-17 23:00:44,806 - Авария ликвидирована за 0.30с
2026-03-17 23:00:44,806 - Итерация 3 завершена
2026-03-17 23:00:44,806 - 
--- Итерация 4 ---
2026-03-17 23:00:44,806 - ПОВРЕЖДЕНИЕ: трехфазное КЗ на Л2-10!
2026-03-17 23:00:44,807 - Защита ДЗЛ-10-2: ток 8.50 <= уставки 36.4
2026-03-17 23:00:44,807 - Основные защиты не сработали - проверка резервных защит
2026-03-17 23:00:44,807 - Защита МТЗ-10-2: ток 8.50 <= уставки 15.0
2026-03-17 23:00:44,807 - ЗАЩИТА ДЗЛ-10-2 ОТКАЗАЛА!
2026-03-17 23:00:44,807 - Защита НЕ СРАБОТАЛА за 9.5с!
2026-03-17 23:00:44,807 - Итерация 4 завершена
2026-03-17 23:00:44,807 - 
--- Итерация 5 ---
2026-03-17 23:00:44,807 - ПОВРЕЖДЕНИЕ: трехфазное КЗ на Ш1-110!
2026-03-17 23:00:44,807 - Основные защиты не сработали - проверка резервных защит
2026-03-17 23:00:44,808 - Защита НЕ СРАБОТАЛА за 1.44с!
2026-03-17 23:00:44,808 - Итерация 5 завершена
2026-03-17 23:00:44,808 - 
--- Итерация 6 ---
2026-03-17 23:00:44,808 - ПОВРЕЖДЕНИЕ: трехфазное КЗ на Ш1-220!
2026-03-17 23:00:44,808 - ЗАЩИТА ДЗШ-220-1 ОТКАЗАЛА!
2026-03-17 23:00:44,808 - Основные защиты не сработали - проверка резервных защит
2026-03-17 23:00:44,808 - Защита НЕ СРАБОТАЛА за 7.51с!
2026-03-17 23:00:44,808 - Итерация 6 завершена
2026-03-17 23:00:44,808 - 
--- Итерация 7 ---
2026-03-17 23:00:44,809 - ПОВРЕЖДЕНИЕ: двухфазное КЗ на Л2-110!
2026-03-17 23:00:44,809 - ЗАЩИТА ДЗЛ-110-2 ОТКАЗАЛА!
2026-03-17 23:00:44,809 - Основные защиты не сработали - проверка резервных защит
2026-03-17 23:00:44,809 - Защита МТЗ-110-2: ток 7.74 > уставки 5.0
2026-03-17 23:00:44,809 - ВРЕМЯ 0.900с: резервная защита МТЗ-110-2 СРАБОТАЛА
2026-03-17 23:00:44,809 - Выключатель Q2-110 РАЗОМКНУТ
2026-03-17 23:00:44,809 - Оборудование Л2-110 ОТКЛЮЧЕНО выключателем Q2-110
2026-03-17 23:00:44,809 - Сработала резервная защита МТЗ-110-2
2026-03-17 23:00:44,809 - Время 0.9с
2026-03-17 23:00:44,809 - Авария ликвидирована за 0.90с
2026-03-17 23:00:44,809 - Итерация 7 завершена
2026-03-17 23:00:44,809 - 
--- Итерация 8 ---
2026-03-17 23:00:44,809 - ПОВРЕЖДЕНИЕ: однофазное КЗ на Л1-10!
2026-03-17 23:00:44,809 - Защита ДЗЛ-10-1: ток 13.64 <= уставки 45.0
2026-03-17 23:00:44,809 - Основные защиты не сработали - проверка резервных защит
2026-03-17 23:00:44,810 - Защита МТЗ-10-1: ток 13.64 <= уставки 15.0
2026-03-17 23:00:44,810 - ЗАЩИТА ДЗЛ-10-1 ОТКАЗАЛА!
2026-03-17 23:00:44,810 - Защита НЕ СРАБОТАЛА за 6.54с!
2026-03-17 23:00:44,810 - Итерация 8 завершена
2026-03-17 23:00:44,810 - 
--- Итерация 9 ---
2026-03-17 23:00:44,810 - ПОВРЕЖДЕНИЕ: двухфазное КЗ на Л1-10!
2026-03-17 23:00:44,810 - Защита ДЗЛ-10-1: ток 10.32 <= уставки 45.0
2026-03-17 23:00:44,810 - Основные защиты не сработали - проверка резервных защит
2026-03-17 23:00:44,810 - Защита МТЗ-10-1: ток 10.32 <= уставки 15.0
2026-03-17 23:00:44,811 - ЗАЩИТА МТЗ-10-1 ОТКАЗАЛА!
2026-03-17 23:00:44,811 - Защита НЕ СРАБОТАЛА за 6.49с!
2026-03-17 23:00:44,811 - Итерация 9 завершена
2026-03-17 23:00:44,811 - 
--- Итерация 10 ---
2026-03-17 23:00:44,811 - ПОВРЕЖДЕНИЕ: витковое замыкание на ОШ-220!
2026-03-17 23:00:44,811 - Основные защиты не сработали - проверка резервных защит
2026-03-17 23:00:44,811 - Защита НЕ СРАБОТАЛА за 0.87с!
2026-03-17 23:00:44,811 - Итерация 10 завершена
2026-03-17 23:00:44,811 - 
--- Итерация 11 ---
2026-03-17 23:00:44,811 - ПОВРЕЖДЕНИЕ: трехфазное КЗ на ОШ-220!
2026-03-17 23:00:44,811 - Основные защиты не сработали - проверка резервных защит
2026-03-17 23:00:44,812 - Защита НЕ СРАБОТАЛА за 5.2с!
2026-03-17 23:00:44,812 - Итерация 11 завершена
2026-03-17 23:00:44,812 - 
--- Итерация 12 ---
2026-03-17 23:00:44,812 - ПОВРЕЖДЕНИЕ: двухфазное КЗ на Л2-10!
2026-03-17 23:00:44,812 - Защита ДЗЛ-10-2: ток 7.40 <= уставки 36.4
2026-03-17 23:00:44,812 - Основные защиты не сработали - проверка резервных защит
2026-03-17 23:00:44,812 - Защита МТЗ-10-2: ток 7.40 <= уставки 15.0
2026-03-17 23:00:44,812 - ЗАЩИТА МТЗ-10-2 ОТКАЗАЛА!
2026-03-17 23:00:44,812 - ЗАЩИТА ДЗЛ-10-2 ОТКАЗАЛА!
2026-03-17 23:00:44,812 - Защита НЕ СРАБОТАЛА за 2.55с!
2026-03-17 23:00:44,812 - Итерация 12 завершена
2026-03-17 23:00:44,812 - 
--- Итерация 13 ---
2026-03-17 23:00:44,812 - ПОВРЕЖДЕНИЕ: витковое замыкание на ОШ-220!
2026-03-17 23:00:44,813 - Основные защиты не сработали - проверка резервных защит
2026-03-17 23:00:44,813 - Защита НЕ СРАБОТАЛА за 0.1с!
2026-03-17 23:00:44,813 - Итерация 13 завершена
2026-03-17 23:00:44,813 - 
--- Итерация 14 ---
2026-03-17 23:00:44,813 - ПОВРЕЖДЕНИЕ: однофазное КЗ на СШ-10-1!
2026-03-17 23:00:44,813 - Основные защиты не сработали - проверка резервных защит
2026-03-17 23:00:44,813 - Защита НЕ СРАБОТАЛА за 8.35с!
2026-03-17 23:00:44,813 - Итерация 14 завершена
2026-03-17 23:00:44,813 - 
--- Итерация 15 ---
2026-03-17 23:00:44,813 - ПОВРЕЖДЕНИЕ: витковое замыкание на СШ-10-1!
2026-03-17 23:00:44,813 - Основные защиты не сработали - проверка резервных защит
2026-03-17 23:00:44,813 - Защита НЕ СРАБОТАЛА за 4.69с!
2026-03-17 23:00:44,814 - Итерация 15 завершена
